2026-08-20 08:54:57,354 - rustbpe - [32m[1mINFO[0m - Processing sequences from iterator (buffer_size: 8192)
2026-08-20 08:54:57,924 - rustbpe - [32m[1mINFO[0m - Processed 37772 sequences total, 201004 unique
2026-08-20 08:54:57,929 - rustbpe - [32m[1mINFO[0m - Starting BPE training: 32503 merges to compute
2026-08-20 08:54:57,929 - rustbpe - [32m[1mINFO[0m - Computing initial pair counts from 201004 unique sequences
2026-08-20 08:54:58,101 - rustbpe - [32m[1mINFO[0m - Building heap with 2758 unique pairs
2026-08-20 08:54:58,101 - rustbpe - [32m[1mINFO[0m - Starting merge loop
2026-08-20 08:54:58,362 - rustbpe - [32m[1mINFO[0m - Progress: [1m1%[0m (326/32503 merges) - Last merge: (399, 283) -> 581 (frequency: 6138)
2026-08-20 08:54:58,410 - rustbpe - [32m[1mINFO[0m - Progress: [1m2%[0m (651/32503 merges) - Last merge: (352, 105) -> 906 (frequency: 2838)
2026-08-20 08:54:58,427 - rustbpe - [32m[1mINFO[0m - Progress: [1m3%[0m (976/32503 merges) - Last merge: (1225, 1226) -> 1231 (frequency: 1992)
2026-08-20 08:54:58,446 - rustbpe - [32m[1mINFO[0m - Progress: [1m4%[0m (1301/32503 merges) - Last merge: (265, 455) -> 1556 (frequency: 1383)
2026-08-20 08:54:58,463 - rustbpe - [32m[1mINFO[0m - Progress: [1m5%[0m (1626/32503 merges) - Last merge: (1128, 1347) -> 1881 (frequency: 1061)
2026-08-20 08:54:58,478 - rustbpe - [32m[1mINFO[0m - Progress: [1m6%[0m (1951/32503 merges) - Last merge: (629, 115) -> 2206 (frequency: 856)
2026-08-20 08:54:58,492 - rustbpe - [32m[1mINFO[0m - Progress: [1m7%[0m (2276/32503 merges) - Last merge: (266, 108) -> 2531 (frequency: 700)
2026-08-20 08:54:58,506 - rustbpe - [32m[1mINFO[0m - Progress: [1m8%[0m (2601/32503 merges) - Last merge: (324, 105) -> 2856 (frequency: 593)
2026-08-20 08:54:58,518 - rustbpe - [32m[1mINFO[0m - Progress: [1m9%[0m (2926/32503 merges) - Last merge: (418, 287) -> 3181 (frequency: 510)
2026-08-20 08:54:58,526 - rustbpe - [32m[1mINFO[0m - Progress: [1m10%[0m (3251/32503 merges) - Last merge: (277, 286) -> 3506 (frequency: 442)
2026-08-20 08:54:58,537 - rustbpe - [32m[1mINFO[0m - Progress: [1m11%[0m (3576/32503 merges) - Last merge: (1637, 272) -> 3831 (frequency: 388)
2026-08-20 08:54:58,547 - rustbpe - [32m[1mINFO[0m - Progress: [1m12%[0m (3901/32503 merges) - Last merge: (4041, 402) -> 4156 (frequency: 345)
2026-08-20 08:54:58,559 - rustbpe - [32m[1mINFO[0m - Progress: [1m13%[0m (4226/32503 merges) - Last merge: (315, 321) -> 4481 (frequency: 308)
2026-08-20 08:54:58,568 - rustbpe - [32m[1mINFO[0m - Progress: [1m14%[0m (4551/32503 merges) - Last merge: (481, 105) -> 4806 (frequency: 280)
2026-08-20 08:54:58,576 - rustbpe - [32m[1mINFO[0m - Progress: [1m15%[0m (4876/32503 merges) - Last merge: (434, 861) -> 5131 (frequency: 255)
2026-08-20 08:54:58,583 - rustbpe - [32m[1mINFO[0m - Progress: [1m16%[0m (5201/32503 merges) - Last merge: (272, 396) -> 5456 (frequency: 233)
2026-08-20 08:54:58,590 - rustbpe - [32m[1mINFO[0m - Progress: [1m17%[0m (5526/32503 merges) - Last merge: (114, 417) -> 5781 (frequency: 215)
2026-08-20 08:54:58,596 - rustbpe - [32m[1mINFO[0m - Progress: [1m18%[0m (5851/32503 merges) - Last merge: (332, 642) -> 6106 (frequency: 200)
2026-08-20 08:54:58,601 - rustbpe - [32m[1mINFO[0m - Progress: [1m19%[0m (6176/32503 merges) - Last merge: (2214, 291) -> 6431 (frequency: 186)
2026-08-20 08:54:58,604 - rustbpe - [32m[1mINFO[0m - Progress: [1m20%[0m (6501/32503 merges) - Last merge: (1579, 6481) -> 6756 (frequency: 174)
2026-08-20 08:54:58,609 - rustbpe - [32m[1mINFO[0m - Progress: [1m21%[0m (6826/32503 merges) - Last merge: (1050, 2739) -> 7081 (frequency: 162)
2026-08-20 08:54:58,613 - rustbpe - [32m[1mINFO[0m - Progress: [1m22%[0m (7151/32503 merges) - Last merge: (350, 257) -> 7406 (frequency: 152)
2026-08-20 08:54:58,617 - rustbpe - [32m[1mINFO[0m - Progress: [1m23%[0m (7476/32503 merges) - Last merge: (679, 318) -> 7731 (frequency: 142)
2026-08-20 08:54:58,620 - rustbpe - [32m[1mINFO[0m - Progress: [1m24%[0m (7801/32503 merges) - Last merge: (5609, 1084) -> 8056 (frequency: 135)
2026-08-20 08:54:58,623 - rustbpe - [32m[1mINFO[0m - Progress: [1m25%[0m (8126/32503 merges) - Last merge: (366, 1417) -> 8381 (frequency: 128)
2026-08-20 08:54:58,625 - rustbpe - [32m[1mINFO[0m - Progress: [1m26%[0m (8451/32503 merges) - Last merge: (1707, 2072) -> 8706 (frequency: 125)
2026-08-20 08:54:58,628 - rustbpe - [32m[1mINFO[0m - Progress: [1m27%[0m (8776/32503 merges) - Last merge: (409, 372) -> 9031 (frequency: 120)
2026-08-20 08:54:58,633 - rustbpe - [32m[1mINFO[0m - Progress: [1m28%[0m (9101/32503 merges) - Last merge: (584, 310) -> 9356 (frequency: 114)
2026-08-20 08:54:58,635 - rustbpe - [32m[1mINFO[0m - Progress: [1m29%[0m (9426/32503 merges) - Last merge: (428, 283) -> 9681 (frequency: 108)
2026-08-20 08:54:58,637 - rustbpe - [32m[1mINFO[0m - Progress: [1m30%[0m (9751/32503 merges) - Last merge: (2844, 2491) -> 10006 (frequency: 103)
2026-08-20 08:54:58,641 - rustbpe - [32m[1mINFO[0m - Progress: [1m31%[0m (10076/32503 merges) - Last merge: (290, 4220) -> 10331 (frequency: 98)
2026-08-20 08:54:58,646 - rustbpe - [32m[1mINFO[0m - Progress: [1m32%[0m (10401/32503 merges) - Last merge: (293, 109) -> 10656 (frequency: 94)
2026-08-20 08:54:58,649 - rustbpe - [32m[1mINFO[0m - Progress: [1m33%[0m (10726/32503 merges) - Last merge: (4969, 10602) -> 10981 (frequency: 92)
2026-08-20 08:54:58,650 - rustbpe - [32m[1mINFO[0m - Progress: [1m34%[0m (11052/32503 merges) - Last merge: (10884, 10898) -> 11307 (frequency: 90)
2026-08-20 08:54:58,652 - rustbpe - [32m[1mINFO[0m - Progress: [1m35%[0m (11377/32503 merges) - Last merge: (32, 1620) -> 11632 (frequency: 86)
2026-08-20 08:54:58,655 - rustbpe - [32m[1mINFO[0m - Progress: [1m36%[0m (11702/32503 merges) - Last merge: (1487, 2091) -> 11957 (frequency: 83)
2026-08-20 08:54:58,658 - rustbpe - [32m[1mINFO[0m - Progress: [1m37%[0m (12027/32503 merges) - Last merge: (3852, 335) -> 12282 (frequency: 80)
2026-08-20 08:54:58,662 - rustbpe - [32m[1mINFO[0m - Progress: [1m38%[0m (12352/32503 merges) - Last merge: (1515, 2627) -> 12607 (frequency: 77)
2026-08-20 08:54:58,663 - rustbpe - [32m[1mINFO[0m - Progress: [1m39%[0m (12677/32503 merges) - Last merge: (358, 334) -> 12932 (frequency: 74)
2026-08-20 08:54:58,666 - rustbpe - [32m[1mINFO[0m - Progress: [1m40%[0m (13002/32503 merges) - Last merge: (118, 338) -> 13257 (frequency: 71)
2026-08-20 08:54:58,669 - rustbpe - [32m[1mINFO[0m - Progress: [1m41%[0m (13327/32503 merges) - Last merge: (951, 1878) -> 13582 (frequency: 69)
2026-08-20 08:54:58,671 - rustbpe - [32m[1mINFO[0m - Progress: [1m42%[0m (13652/32503 merges) - Last merge: (1655, 4291) -> 13907 (frequency: 67)
2026-08-20 08:54:58,673 - rustbpe - [32m[1mINFO[0m - Progress: [1m43%[0m (13977/32503 merges) - Last merge: (2088, 116) -> 14232 (frequency: 65)
2026-08-20 08:54:58,676 - rustbpe - [32m[1mINFO[0m - Progress: [1m44%[0m (14302/32503 merges) - Last merge: (263, 631) -> 14557 (frequency: 62)
2026-08-20 08:54:58,678 - rustbpe - [32m[1mINFO[0m - Progress: [1m45%[0m (14627/32503 merges) - Last merge: (520, 447) -> 14882 (frequency: 60)
2026-08-20 08:54:58,680 - rustbpe - [32m[1mINFO[0m - Progress: [1m46%[0m (14952/32503 merges) - Last merge: (806, 284) -> 15207 (frequency: 58)
2026-08-20 08:54:58,683 - rustbpe - [32m[1mINFO[0m - Progress: [1m47%[0m (15277/32503 merges) - Last merge: (509, 277) -> 15532 (frequency: 56)
2026-08-20 08:54:58,686 - rustbpe - [32m[1mINFO[0m - Progress: [1m48%[0m (15602/32503 merges) - Last merge: (356, 5848) -> 15857 (frequency: 54)
2026-08-20 08:54:58,687 - rustbpe - [32m[1mINFO[0m - Progress: [1m49%[0m (15927/32503 merges) - Last merge: (107, 279) -> 16182 (frequency: 52)
2026-08-20 08:54:58,690 - rustbpe - [32m[1mINFO[0m - Progress: [1m50%[0m (16252/32503 merges) - Last merge: (3084, 305) -> 16507 (frequency: 51)
2026-08-20 08:54:58,693 - rustbpe - [32m[1mINFO[0m - Progress: [1m51%[0m (16577/32503 merges) - Last merge: (324, 3155) -> 16832 (frequency: 49)
2026-08-20 08:54:58,695 - rustbpe - [32m[1mINFO[0m - Progress: [1m52%[0m (16902/32503 merges) - Last merge: (1495, 2019) -> 17157 (frequency: 48)
2026-08-20 08:54:58,697 - rustbpe - [32m[1mINFO[0m - Progress: [1m53%[0m (17227/32503 merges) - Last merge: (16026, 1624) -> 17482 (frequency: 47)
2026-08-20 08:54:58,699 - rustbpe - [32m[1mINFO[0m - Progress: [1m54%[0m (17552/32503 merges) - Last merge: (289, 602) -> 17807 (frequency: 45)
2026-08-20 08:54:58,701 - rustbpe - [32m[1mINFO[0m - Progress: [1m55%[0m (17877/32503 merges) - Last merge: (305, 2241) -> 18132 (frequency: 44)
2026-08-20 08:54:58,703 - rustbpe - [32m[1mINFO[0m - Progress: [1m56%[0m (18202/32503 merges) - Last merge: (474, 2360) -> 18457 (frequency: 43)
2026-08-20 08:54:58,703 - rustbpe - [32m[1mINFO[0m - Progress: [1m57%[0m (18527/32503 merges) - Last merge: (14785, 18132) -> 18782 (frequency: 43)
2026-08-20 08:54:58,705 - rustbpe - [32m[1mINFO[0m - Progress: [1m58%[0m (18852/32503 merges) - Last merge: (15536, 8042) -> 19107 (frequency: 42)
2026-08-20 08:54:58,707 - rustbpe - [32m[1mINFO[0m - Progress: [1m59%[0m (19177/32503 merges) - Last merge: (121, 495) -> 19432 (frequency: 40)
2026-08-20 08:54:58,708 - rustbpe - [32m[1mINFO[0m - Progress: [1m60%[0m (19502/32503 merges) - Last merge: (19602, 19425) -> 19757 (frequency: 40)
2026-08-20 08:54:58,710 - rustbpe - [32m[1mINFO[0m - Progress: [1m61%[0m (19827/32503 merges) - Last merge: (13269, 781) -> 20082 (frequency: 39)
2026-08-20 08:54:58,711 - rustbpe - [32m[1mINFO[0m - Progress: [1m62%[0m (20152/32503 merges) - Last merge: (17958, 315) -> 20407 (frequency: 38)
2026-08-20 08:54:58,713 - rustbpe - [32m[1mINFO[0m - Progress: [1m63%[0m (20477/32503 merges) - Last merge: (4716, 1284) -> 20732 (frequency: 37)
2026-08-20 08:54:58,715 - rustbpe - [32m[1mINFO[0m - Progress: [1m64%[0m (20802/32503 merges) - Last merge: (1843, 451) -> 21057 (frequency: 36)
2026-08-20 08:54:58,717 - rustbpe - [32m[1mINFO[0m - Progress: [1m65%[0m (21127/32503 merges) - Last merge: (1749, 5863) -> 21382 (frequency: 35)
2026-08-20 08:54:58,718 - rustbpe - [32m[1mINFO[0m - Progress: [1m66%[0m (21452/32503 merges) - Last merge: (652, 1585) -> 21707 (frequency: 34)
2026-08-20 08:54:58,720 - rustbpe - [32m[1mINFO[0m - Progress: [1m67%[0m (21778/32503 merges) - Last merge: (396, 357) -> 22033 (frequency: 33)
2026-08-20 08:54:58,722 - rustbpe - [32m[1mINFO[0m - Progress: [1m68%[0m (22103/32503 merges) - Last merge: (104, 895) -> 22358 (frequency: 32)
2026-08-20 08:54:58,724 - rustbpe - [32m[1mINFO[0m - Progress: [1m69%[0m (22428/32503 merges) - Last merge: (6144, 5252) -> 22683 (frequency: 32)
2026-08-20 08:54:58,726 - rustbpe - [32m[1mINFO[0m - Progress: [1m70%[0m (22753/32503 merges) - Last merge: (2082, 1298) -> 23008 (frequency: 31)
2026-08-20 08:54:58,728 - rustbpe - [32m[1mINFO[0m - Progress: [1m71%[0m (23078/32503 merges) - Last merge: (468, 106) -> 23333 (frequency: 30)
2026-08-20 08:54:58,729 - rustbpe - [32m[1mINFO[0m - Progress: [1m72%[0m (23403/32503 merges) - Last merge: (106, 268) -> 23658 (frequency: 29)
2026-08-20 08:54:58,731 - rustbpe - [32m[1mINFO[0m - Progress: [1m73%[0m (23728/32503 merges) - Last merge: (5382, 277) -> 23983 (frequency: 29)
2026-08-20 08:54:58,733 - rustbpe - [32m[1mINFO[0m - Progress: [1m74%[0m (24053/32503 merges) - Last merge: (736, 8101) -> 24308 (frequency: 28)
2026-08-20 08:54:58,734 - rustbpe - [32m[1mINFO[0m - Progress: [1m75%[0m (24378/32503 merges) - Last merge: (278, 776) -> 24633 (frequency: 27)
2026-08-20 08:54:58,736 - rustbpe - [32m[1mINFO[0m - Progress: [1m76%[0m (24703/32503 merges) - Last merge: (5026, 119) -> 24958 (frequency: 27)
2026-08-20 08:54:58,738 - rustbpe - [32m[1mINFO[0m - Progress: [1m77%[0m (25028/32503 merges) - Last merge: (373, 22364) -> 25283 (frequency: 26)
2026-08-20 08:54:58,738 - rustbpe - [32m[1mINFO[0m - Progress: [1m78%[0m (25353/32503 merges) - Last merge: (9809, 838) -> 25608 (frequency: 26)
2026-08-20 08:54:58,741 - rustbpe - [32m[1mINFO[0m - Progress: [1m79%[0m (25678/32503 merges) - Last merge: (545, 284) -> 25933 (frequency: 25)
2026-08-20 08:54:58,742 - rustbpe - [32m[1mINFO[0m - Progress: [1m80%[0m (26003/32503 merges) - Last merge: (10942, 1549) -> 26258 (frequency: 25)
2026-08-20 08:54:58,744 - rustbpe - [32m[1mINFO[0m - Progress: [1m81%[0m (26328/32503 merges) - Last merge: (639, 3997) -> 26583 (frequency: 24)
2026-08-20 08:54:58,745 - rustbpe - [32m[1mINFO[0m - Progress: [1m82%[0m (26653/32503 merges) - Last merge: (15716, 7374) -> 26908 (frequency: 24)
2026-08-20 08:54:58,747 - rustbpe - [32m[1mINFO[0m - Progress: [1m83%[0m (26978/32503 merges) - Last merge: (611, 1105) -> 27233 (frequency: 23)
2026-08-20 08:54:58,749 - rustbpe - [32m[1mINFO[0m - Progress: [1m84%[0m (27303/32503 merges) - Last merge: (11715, 460) -> 27558 (frequency: 23)
2026-08-20 08:54:58,751 - rustbpe - [32m[1mINFO[0m - Progress: [1m85%[0m (27628/32503 merges) - Last merge: (428, 12593) -> 27883 (frequency: 22)
2026-08-20 08:54:58,752 - rustbpe - [32m[1mINFO[0m - Progress: [1m86%[0m (27953/32503 merges) - Last merge: (5359, 18203) -> 28208 (frequency: 22)
2026-08-20 08:54:58,754 - rustbpe - [32m[1mINFO[0m - Progress: [1m87%[0m (28278/32503 merges) - Last merge: (272, 546) -> 28533 (frequency: 21)
2026-08-20 08:54:58,755 - rustbpe - [32m[1mINFO[0m - Progress: [1m88%[0m (28603/32503 merges) - Last merge: (1037, 9726) -> 28858 (frequency: 21)
2026-08-20 08:54:58,757 - rustbpe - [32m[1mINFO[0m - Progress: [1m89%[0m (28928/32503 merges) - Last merge: (11656, 744) -> 29183 (frequency: 21)
2026-08-20 08:54:58,759 - rustbpe - [32m[1mINFO[0m - Progress: [1m90%[0m (29253/32503 merges) - Last merge: (329, 2492) -> 29508 (frequency: 20)
2026-08-20 08:54:58,760 - rustbpe - [32m[1mINFO[0m - Progress: [1m91%[0m (29578/32503 merges) - Last merge: (1884, 23663) -> 29833 (frequency: 20)
2026-08-20 08:54:58,761 - rustbpe - [32m[1mINFO[0m - Progress: [1m92%[0m (29903/32503 merges) - Last merge: (21767, 781) -> 30158 (frequency: 20)
2026-08-20 08:54:58,763 - rustbpe - [32m[1mINFO[0m - Progress: [1m93%[0m (30228/32503 merges) - Last merge: (436, 117) -> 30483 (frequency: 19)
2026-08-20 08:54:58,765 - rustbpe - [32m[1mINFO[0m - Progress: [1m94%[0m (30553/32503 merges) - Last merge: (3163, 22579) -> 30808 (frequency: 19)
2026-08-20 08:54:58,765 - rustbpe - [32m[1mINFO[0m - Progress: [1m95%[0m (30878/32503 merges) - Last merge: (26711, 1132) -> 31133 (frequency: 19)
2026-08-20 08:54:58,768 - rustbpe - [32m[1mINFO[0m - Progress: [1m96%[0m (31203/32503 merges) - Last merge: (468, 30685) -> 31458 (frequency: 18)
2026-08-20 08:54:58,769 - rustbpe - [32m[1mINFO[0m - Progress: [1m97%[0m (31528/32503 merges) - Last merge: (2683, 470) -> 31783 (frequency: 18)
2026-08-20 08:54:58,770 - rustbpe - [32m[1mINFO[0m - Progress: [1m98%[0m (31853/32503 merges) - Last merge: (17181, 18859) -> 32108 (frequency: 18)
2026-08-20 08:54:58,773 - rustbpe - [32m[1mINFO[0m - Progress: [1m99%[0m (32178/32503 merges) - Last merge: (329, 2019) -> 32433 (frequency: 17)
2026-08-20 08:54:58,775 - rustbpe - [32m[1mINFO[0m - Progress: [1m100%[0m (32503/32503 merges) - Last merge: (1244, 1685) -> 32758 (frequency: 17)
2026-08-20 08:54:58,775 - rustbpe - [32m[1mINFO[0m - Finished training: 32503 merges completed
max_chars: 2,000,000,000
doc_cap: 10,000
vocab_size: 32,768
Training time: 1.51s
Saved tokenizer encoding to /Users/paulpajo/Projects/nanochat-filipino/data/cache/p3-20260819T192700Z-92d63d4/tokenizer/tokenizer.pkl
Saved token_bytes to /Users/paulpajo/Projects/nanochat-filipino/data/cache/p3-20260819T192700Z-92d63d4/tokenizer/token_bytes.pt
# NANOCHAT_DATA_DIR=/Users/paulpajo/Projects/nanochat-filipino/data/processed/p3-tl39-active
# NANOCHAT_BASE_DIR=/Users/paulpajo/Projects/nanochat-filipino/data/cache/p3-20260819T192700Z-92d63d4


# exit_code=0
