# cwd=/Users/paulpajo/Projects/nanochat-filipino/vendor/nanochat
# command=/Users/paulpajo/Projects/nanochat-filipino/vendor/nanochat/.venv/bin/python -m scripts.tok_train --max-chars 2000000000 --doc-cap 10000 --vocab-size 32768
# NANOCHAT_DATA_DIR=/Users/paulpajo/Projects/nanochat-filipino/data/processed/wikitext-103/en-active
# NANOCHAT_BASE_DIR=/Users/paulpajo/Projects/nanochat-filipino/data/cache/p2-20260817T150944Z-de99f8a
# started_utc=2026-08-17T15:40:09Z

2026-08-17 23:40:09,837 - rustbpe - [32m[1mINFO[0m - Processing sequences from iterator (buffer_size: 8192)
2026-08-17 23:40:17,300 - rustbpe - [32m[1mINFO[0m - Processed 37480 sequences total, 449330 unique
2026-08-17 23:40:17,312 - rustbpe - [32m[1mINFO[0m - Starting BPE training: 32503 merges to compute
2026-08-17 23:40:17,313 - rustbpe - [32m[1mINFO[0m - Computing initial pair counts from 449330 unique sequences
2026-08-17 23:40:17,745 - rustbpe - [32m[1mINFO[0m - Building heap with 9855 unique pairs
2026-08-17 23:40:17,745 - rustbpe - [32m[1mINFO[0m - Starting merge loop
2026-08-17 23:40:18,394 - rustbpe - [32m[1mINFO[0m - Progress: [1m1%[0m (326/32503 merges) - Last merge: (273, 358) -> 581 (frequency: 93114)
2026-08-17 23:40:18,491 - rustbpe - [32m[1mINFO[0m - Progress: [1m2%[0m (651/32503 merges) - Last merge: (741, 305) -> 906 (frequency: 40011)
2026-08-17 23:40:18,542 - rustbpe - [32m[1mINFO[0m - Progress: [1m3%[0m (976/32503 merges) - Last merge: (439, 285) -> 1231 (frequency: 25132)
2026-08-17 23:40:18,582 - rustbpe - [32m[1mINFO[0m - Progress: [1m4%[0m (1301/32503 merges) - Last merge: (292, 617) -> 1556 (frequency: 17885)
2026-08-17 23:40:18,617 - rustbpe - [32m[1mINFO[0m - Progress: [1m5%[0m (1626/32503 merges) - Last merge: (594, 115) -> 1881 (frequency: 13443)
2026-08-17 23:40:18,638 - rustbpe - [32m[1mINFO[0m - Progress: [1m6%[0m (1951/32503 merges) - Last merge: (294, 275) -> 2206 (frequency: 10727)
2026-08-17 23:40:18,664 - rustbpe - [32m[1mINFO[0m - Progress: [1m7%[0m (2276/32503 merges) - Last merge: (1071, 1090) -> 2531 (frequency: 8993)
2026-08-17 23:40:18,691 - rustbpe - [32m[1mINFO[0m - Progress: [1m8%[0m (2601/32503 merges) - Last merge: (99, 313) -> 2856 (frequency: 7591)
2026-08-17 23:40:18,713 - rustbpe - [32m[1mINFO[0m - Progress: [1m9%[0m (2926/32503 merges) - Last merge: (321, 326) -> 3181 (frequency: 6530)
2026-08-17 23:40:18,734 - rustbpe - [32m[1mINFO[0m - Progress: [1m10%[0m (3251/32503 merges) - Last merge: (1159, 115) -> 3506 (frequency: 5704)
2026-08-17 23:40:18,756 - rustbpe - [32m[1mINFO[0m - Progress: [1m11%[0m (3576/32503 merges) - Last merge: (1560, 3319) -> 3831 (frequency: 5014)
2026-08-17 23:40:18,771 - rustbpe - [32m[1mINFO[0m - Progress: [1m12%[0m (3901/32503 merges) - Last merge: (1063, 285) -> 4156 (frequency: 4453)
2026-08-17 23:40:18,786 - rustbpe - [32m[1mINFO[0m - Progress: [1m13%[0m (4226/32503 merges) - Last merge: (267, 272) -> 4481 (frequency: 4022)
2026-08-17 23:40:18,802 - rustbpe - [32m[1mINFO[0m - Progress: [1m14%[0m (4551/32503 merges) - Last merge: (1016, 339) -> 4806 (frequency: 3653)
2026-08-17 23:40:18,816 - rustbpe - [32m[1mINFO[0m - Progress: [1m15%[0m (4876/32503 merges) - Last merge: (2105, 2263) -> 5131 (frequency: 3318)
2026-08-17 23:40:18,832 - rustbpe - [32m[1mINFO[0m - Progress: [1m16%[0m (5201/32503 merges) - Last merge: (109, 734) -> 5456 (frequency: 3057)
2026-08-17 23:40:18,845 - rustbpe - [32m[1mINFO[0m - Progress: [1m17%[0m (5526/32503 merges) - Last merge: (3671, 105) -> 5781 (frequency: 2809)
2026-08-17 23:40:18,860 - rustbpe - [32m[1mINFO[0m - Progress: [1m18%[0m (5851/32503 merges) - Last merge: (719, 621) -> 6106 (frequency: 2556)
2026-08-17 23:40:18,871 - rustbpe - [32m[1mINFO[0m - Progress: [1m19%[0m (6176/32503 merges) - Last merge: (308, 405) -> 6431 (frequency: 2367)
2026-08-17 23:40:18,883 - rustbpe - [32m[1mINFO[0m - Progress: [1m20%[0m (6501/32503 merges) - Last merge: (379, 2726) -> 6756 (frequency: 2199)
2026-08-17 23:40:18,891 - rustbpe - [32m[1mINFO[0m - Progress: [1m21%[0m (6826/32503 merges) - Last merge: (357, 1810) -> 7081 (frequency: 2046)
2026-08-17 23:40:18,905 - rustbpe - [32m[1mINFO[0m - Progress: [1m22%[0m (7151/32503 merges) - Last merge: (4504, 6175) -> 7406 (frequency: 1914)
2026-08-17 23:40:18,913 - rustbpe - [32m[1mINFO[0m - Progress: [1m23%[0m (7476/32503 merges) - Last merge: (439, 2731) -> 7731 (frequency: 1788)
2026-08-17 23:40:18,922 - rustbpe - [32m[1mINFO[0m - Progress: [1m24%[0m (7801/32503 merges) - Last merge: (274, 802) -> 8056 (frequency: 1676)
2026-08-17 23:40:18,928 - rustbpe - [32m[1mINFO[0m - Progress: [1m25%[0m (8126/32503 merges) - Last merge: (560, 7607) -> 8381 (frequency: 1578)
2026-08-17 23:40:18,938 - rustbpe - [32m[1mINFO[0m - Progress: [1m26%[0m (8451/32503 merges) - Last merge: (5574, 266) -> 8706 (frequency: 1485)
2026-08-17 23:40:18,957 - rustbpe - [32m[1mINFO[0m - Progress: [1m27%[0m (8776/32503 merges) - Last merge: (354, 1929) -> 9031 (frequency: 1393)
2026-08-17 23:40:18,965 - rustbpe - [32m[1mINFO[0m - Progress: [1m28%[0m (9101/32503 merges) - Last merge: (299, 1375) -> 9356 (frequency: 1319)
2026-08-17 23:40:18,975 - rustbpe - [32m[1mINFO[0m - Progress: [1m29%[0m (9426/32503 merges) - Last merge: (3685, 6831) -> 9681 (frequency: 1246)
2026-08-17 23:40:18,982 - rustbpe - [32m[1mINFO[0m - Progress: [1m30%[0m (9751/32503 merges) - Last merge: (6820, 9212) -> 10006 (frequency: 1188)
2026-08-17 23:40:18,991 - rustbpe - [32m[1mINFO[0m - Progress: [1m31%[0m (10076/32503 merges) - Last merge: (9685, 1060) -> 10331 (frequency: 1129)
2026-08-17 23:40:19,002 - rustbpe - [32m[1mINFO[0m - Progress: [1m32%[0m (10401/32503 merges) - Last merge: (103, 1140) -> 10656 (frequency: 1078)
2026-08-17 23:40:19,008 - rustbpe - [32m[1mINFO[0m - Progress: [1m33%[0m (10726/32503 merges) - Last merge: (1029, 114) -> 10981 (frequency: 1030)
2026-08-17 23:40:19,013 - rustbpe - [32m[1mINFO[0m - Progress: [1m34%[0m (11052/32503 merges) - Last merge: (881, 264) -> 11307 (frequency: 983)
2026-08-17 23:40:19,019 - rustbpe - [32m[1mINFO[0m - Progress: [1m35%[0m (11377/32503 merges) - Last merge: (348, 281) -> 11632 (frequency: 940)
2026-08-17 23:40:19,025 - rustbpe - [32m[1mINFO[0m - Progress: [1m36%[0m (11702/32503 merges) - Last merge: (4417, 1078) -> 11957 (frequency: 898)
2026-08-17 23:40:19,032 - rustbpe - [32m[1mINFO[0m - Progress: [1m37%[0m (12027/32503 merges) - Last merge: (629, 427) -> 12282 (frequency: 861)
2026-08-17 23:40:19,041 - rustbpe - [32m[1mINFO[0m - Progress: [1m38%[0m (12352/32503 merges) - Last merge: (5225, 285) -> 12607 (frequency: 824)
2026-08-17 23:40:19,045 - rustbpe - [32m[1mINFO[0m - Progress: [1m39%[0m (12677/32503 merges) - Last merge: (299, 3166) -> 12932 (frequency: 790)
2026-08-17 23:40:19,050 - rustbpe - [32m[1mINFO[0m - Progress: [1m40%[0m (13002/32503 merges) - Last merge: (382, 259) -> 13257 (frequency: 757)
2026-08-17 23:40:19,055 - rustbpe - [32m[1mINFO[0m - Progress: [1m41%[0m (13327/32503 merges) - Last merge: (3809, 13423) -> 13582 (frequency: 728)
2026-08-17 23:40:19,064 - rustbpe - [32m[1mINFO[0m - Progress: [1m42%[0m (13652/32503 merges) - Last merge: (9806, 672) -> 13907 (frequency: 701)
2026-08-17 23:40:19,071 - rustbpe - [32m[1mINFO[0m - Progress: [1m43%[0m (13977/32503 merges) - Last merge: (320, 5916) -> 14232 (frequency: 677)
2026-08-17 23:40:19,076 - rustbpe - [32m[1mINFO[0m - Progress: [1m44%[0m (14302/32503 merges) - Last merge: (673, 426) -> 14557 (frequency: 650)
2026-08-17 23:40:19,084 - rustbpe - [32m[1mINFO[0m - Progress: [1m45%[0m (14627/32503 merges) - Last merge: (14136, 11140) -> 14882 (frequency: 628)
2026-08-17 23:40:19,090 - rustbpe - [32m[1mINFO[0m - Progress: [1m46%[0m (14952/32503 merges) - Last merge: (1535, 996) -> 15207 (frequency: 606)
2026-08-17 23:40:19,097 - rustbpe - [32m[1mINFO[0m - Progress: [1m47%[0m (15277/32503 merges) - Last merge: (510, 2853) -> 15532 (frequency: 585)
2026-08-17 23:40:19,101 - rustbpe - [32m[1mINFO[0m - Progress: [1m48%[0m (15602/32503 merges) - Last merge: (350, 751) -> 15857 (frequency: 563)
2026-08-17 23:40:19,113 - rustbpe - [32m[1mINFO[0m - Progress: [1m49%[0m (15927/32503 merges) - Last merge: (2109, 6181) -> 16182 (frequency: 544)
2026-08-17 23:40:19,117 - rustbpe - [32m[1mINFO[0m - Progress: [1m50%[0m (16252/32503 merges) - Last merge: (409, 262) -> 16507 (frequency: 527)
2026-08-17 23:40:19,124 - rustbpe - [32m[1mINFO[0m - Progress: [1m51%[0m (16577/32503 merges) - Last merge: (455, 9278) -> 16832 (frequency: 510)
2026-08-17 23:40:19,133 - rustbpe - [32m[1mINFO[0m - Progress: [1m52%[0m (16902/32503 merges) - Last merge: (7132, 672) -> 17157 (frequency: 495)
2026-08-17 23:40:19,140 - rustbpe - [32m[1mINFO[0m - Progress: [1m53%[0m (17227/32503 merges) - Last merge: (379, 700) -> 17482 (frequency: 481)
2026-08-17 23:40:19,146 - rustbpe - [32m[1mINFO[0m - Progress: [1m54%[0m (17552/32503 merges) - Last merge: (10288, 128) -> 17807 (frequency: 466)
2026-08-17 23:40:19,152 - rustbpe - [32m[1mINFO[0m - Progress: [1m55%[0m (17877/32503 merges) - Last merge: (14857, 281) -> 18132 (frequency: 453)
2026-08-17 23:40:19,159 - rustbpe - [32m[1mINFO[0m - Progress: [1m56%[0m (18202/32503 merges) - Last merge: (14814, 517) -> 18457 (frequency: 440)
2026-08-17 23:40:19,165 - rustbpe - [32m[1mINFO[0m - Progress: [1m57%[0m (18527/32503 merges) - Last merge: (3858, 1274) -> 18782 (frequency: 427)
2026-08-17 23:40:19,171 - rustbpe - [32m[1mINFO[0m - Progress: [1m58%[0m (18852/32503 merges) - Last merge: (5001, 574) -> 19107 (frequency: 416)
2026-08-17 23:40:19,175 - rustbpe - [32m[1mINFO[0m - Progress: [1m59%[0m (19177/32503 merges) - Last merge: (509, 5178) -> 19432 (frequency: 404)
2026-08-17 23:40:19,181 - rustbpe - [32m[1mINFO[0m - Progress: [1m60%[0m (19502/32503 merges) - Last merge: (9756, 2256) -> 19757 (frequency: 393)
2026-08-17 23:40:19,184 - rustbpe - [32m[1mINFO[0m - Progress: [1m61%[0m (19827/32503 merges) - Last merge: (537, 9628) -> 20082 (frequency: 382)
2026-08-17 23:40:19,188 - rustbpe - [32m[1mINFO[0m - Progress: [1m62%[0m (20152/32503 merges) - Last merge: (522, 277) -> 20407 (frequency: 372)
2026-08-17 23:40:19,191 - rustbpe - [32m[1mINFO[0m - Progress: [1m63%[0m (20477/32503 merges) - Last merge: (395, 807) -> 20732 (frequency: 363)
2026-08-17 23:40:19,194 - rustbpe - [32m[1mINFO[0m - Progress: [1m64%[0m (20802/32503 merges) - Last merge: (895, 448) -> 21057 (frequency: 353)
2026-08-17 23:40:19,200 - rustbpe - [32m[1mINFO[0m - Progress: [1m65%[0m (21127/32503 merges) - Last merge: (947, 7806) -> 21382 (frequency: 344)
2026-08-17 23:40:19,202 - rustbpe - [32m[1mINFO[0m - Progress: [1m66%[0m (21452/32503 merges) - Last merge: (3727, 105) -> 21707 (frequency: 335)
2026-08-17 23:40:19,206 - rustbpe - [32m[1mINFO[0m - Progress: [1m67%[0m (21778/32503 merges) - Last merge: (8421, 1427) -> 22033 (frequency: 326)
2026-08-17 23:40:19,210 - rustbpe - [32m[1mINFO[0m - Progress: [1m68%[0m (22103/32503 merges) - Last merge: (261, 524) -> 22358 (frequency: 317)
2026-08-17 23:40:19,212 - rustbpe - [32m[1mINFO[0m - Progress: [1m69%[0m (22428/32503 merges) - Last merge: (4386, 115) -> 22683 (frequency: 310)
2026-08-17 23:40:19,215 - rustbpe - [32m[1mINFO[0m - Progress: [1m70%[0m (22753/32503 merges) - Last merge: (12276, 266) -> 23008 (frequency: 303)
2026-08-17 23:40:19,218 - rustbpe - [32m[1mINFO[0m - Progress: [1m71%[0m (23078/32503 merges) - Last merge: (321, 10732) -> 23333 (frequency: 295)
2026-08-17 23:40:19,222 - rustbpe - [32m[1mINFO[0m - Progress: [1m72%[0m (23403/32503 merges) - Last merge: (1136, 5300) -> 23658 (frequency: 289)
2026-08-17 23:40:19,224 - rustbpe - [32m[1mINFO[0m - Progress: [1m73%[0m (23728/32503 merges) - Last merge: (357, 77) -> 23983 (frequency: 282)
2026-08-17 23:40:19,228 - rustbpe - [32m[1mINFO[0m - Progress: [1m74%[0m (24053/32503 merges) - Last merge: (3737, 702) -> 24308 (frequency: 276)
2026-08-17 23:40:19,231 - rustbpe - [32m[1mINFO[0m - Progress: [1m75%[0m (24378/32503 merges) - Last merge: (9175, 2259) -> 24633 (frequency: 270)
2026-08-17 23:40:19,233 - rustbpe - [32m[1mINFO[0m - Progress: [1m76%[0m (24703/32503 merges) - Last merge: (8176, 285) -> 24958 (frequency: 264)
2026-08-17 23:40:19,237 - rustbpe - [32m[1mINFO[0m - Progress: [1m77%[0m (25028/32503 merges) - Last merge: (2427, 545) -> 25283 (frequency: 258)
2026-08-17 23:40:19,240 - rustbpe - [32m[1mINFO[0m - Progress: [1m78%[0m (25353/32503 merges) - Last merge: (298, 4282) -> 25608 (frequency: 252)
2026-08-17 23:40:19,242 - rustbpe - [32m[1mINFO[0m - Progress: [1m79%[0m (25678/32503 merges) - Last merge: (1217, 261) -> 25933 (frequency: 247)
2026-08-17 23:40:19,245 - rustbpe - [32m[1mINFO[0m - Progress: [1m80%[0m (26003/32503 merges) - Last merge: (972, 116) -> 26258 (frequency: 242)
2026-08-17 23:40:19,248 - rustbpe - [32m[1mINFO[0m - Progress: [1m81%[0m (26328/32503 merges) - Last merge: (560, 4389) -> 26583 (frequency: 237)
2026-08-17 23:40:19,251 - rustbpe - [32m[1mINFO[0m - Progress: [1m82%[0m (26653/32503 merges) - Last merge: (1009, 115) -> 26908 (frequency: 232)
2026-08-17 23:40:19,256 - rustbpe - [32m[1mINFO[0m - Progress: [1m83%[0m (26978/32503 merges) - Last merge: (407, 12465) -> 27233 (frequency: 227)
2026-08-17 23:40:19,259 - rustbpe - [32m[1mINFO[0m - Progress: [1m84%[0m (27303/32503 merges) - Last merge: (22904, 2256) -> 27558 (frequency: 223)
2026-08-17 23:40:19,261 - rustbpe - [32m[1mINFO[0m - Progress: [1m85%[0m (27628/32503 merges) - Last merge: (1279, 70) -> 27883 (frequency: 218)
2026-08-17 23:40:19,264 - rustbpe - [32m[1mINFO[0m - Progress: [1m86%[0m (27953/32503 merges) - Last merge: (4534, 9747) -> 28208 (frequency: 214)
2026-08-17 23:40:19,267 - rustbpe - [32m[1mINFO[0m - Progress: [1m87%[0m (28278/32503 merges) - Last merge: (7218, 272) -> 28533 (frequency: 210)
2026-08-17 23:40:19,270 - rustbpe - [32m[1mINFO[0m - Progress: [1m88%[0m (28603/32503 merges) - Last merge: (10342, 266) -> 28858 (frequency: 206)
2026-08-17 23:40:19,274 - rustbpe - [32m[1mINFO[0m - Progress: [1m89%[0m (28928/32503 merges) - Last merge: (1755, 782) -> 29183 (frequency: 202)
2026-08-17 23:40:19,277 - rustbpe - [32m[1mINFO[0m - Progress: [1m90%[0m (29253/32503 merges) - Last merge: (873, 11518) -> 29508 (frequency: 198)
2026-08-17 23:40:19,281 - rustbpe - [32m[1mINFO[0m - Progress: [1m91%[0m (29578/32503 merges) - Last merge: (320, 3287) -> 29833 (frequency: 194)
2026-08-17 23:40:19,283 - rustbpe - [32m[1mINFO[0m - Progress: [1m92%[0m (29903/32503 merges) - Last merge: (12077, 105) -> 30158 (frequency: 191)
2026-08-17 23:40:19,288 - rustbpe - [32m[1mINFO[0m - Progress: [1m93%[0m (30228/32503 merges) - Last merge: (3497, 14270) -> 30483 (frequency: 187)
2026-08-17 23:40:19,291 - rustbpe - [32m[1mINFO[0m - Progress: [1m94%[0m (30553/32503 merges) - Last merge: (15491, 9757) -> 30808 (frequency: 184)
2026-08-17 23:40:19,293 - rustbpe - [32m[1mINFO[0m - Progress: [1m95%[0m (30878/32503 merges) - Last merge: (1475, 14536) -> 31133 (frequency: 180)
2026-08-17 23:40:19,296 - rustbpe - [32m[1mINFO[0m - Progress: [1m96%[0m (31203/32503 merges) - Last merge: (15621, 7661) -> 31458 (frequency: 177)
2026-08-17 23:40:19,299 - rustbpe - [32m[1mINFO[0m - Progress: [1m97%[0m (31528/32503 merges) - Last merge: (32, 9751) -> 31783 (frequency: 173)
2026-08-17 23:40:19,301 - rustbpe - [32m[1mINFO[0m - Progress: [1m98%[0m (31853/32503 merges) - Last merge: (20792, 501) -> 32108 (frequency: 171)
2026-08-17 23:40:19,306 - rustbpe - [32m[1mINFO[0m - Progress: [1m99%[0m (32178/32503 merges) - Last merge: (17579, 2171) -> 32433 (frequency: 168)
2026-08-17 23:40:19,308 - rustbpe - [32m[1mINFO[0m - Progress: [1m100%[0m (32503/32503 merges) - Last merge: (30537, 1577) -> 32758 (frequency: 165)
2026-08-17 23:40:19,308 - rustbpe - [32m[1mINFO[0m - Finished training: 32503 merges completed
max_chars: 2,000,000,000
doc_cap: 10,000
vocab_size: 32,768
Training time: 9.62s
Saved tokenizer encoding to /Users/paulpajo/Projects/nanochat-filipino/data/cache/p2-20260817T150944Z-de99f8a/tokenizer/tokenizer.pkl
Saved token_bytes to /Users/paulpajo/Projects/nanochat-filipino/data/cache/p2-20260817T150944Z-de99f8a/tokenizer/token_bytes.pt

# exit_code=0
# elapsed_s=10.669
